// Jest Snapshot v1, https://goo.gl/fbAQLP

exports[`Button component should render properly 1`] = `
<div>
  <button
    class="button"
  >
    Hi
  </button>
</div>
`;
